// Jest Snapshot v1, https://goo.gl/fbAQLP

exports[`Pruebas en GifGridItem Debe mostrar el componente correctamente 1`] = `
<div
  className="card animate__animated animate__fadeIn"
>
  <img
    alt="Some title"
    src="https://localhost/algo.jpg"
  />
  <p>
    Some title
  </p>
</div>
`;
